// Jest Snapshot v1, https://goo.gl/fbAQLP

exports[`should render correctly <Landing> 1`] = `ReactWrapper {}`;
