// Jest Snapshot v1, https://goo.gl/fbAQLP

exports[`should render correctly <Workflow> 1`] = `ReactWrapper {}`;
